// Jest Snapshot v1, https://goo.gl/fbAQLP

exports[`expect to render HomePage Component 1`] = `ShallowWrapper {}`;
