// Jest Snapshot v1, https://goo.gl/fbAQLP

exports[`expect to render App Component 1`] = `ShallowWrapper {}`;
